// Jest Snapshot v1, https://goo.gl/fbAQLP

exports[`Posts component renders the UI as expected 1`] = `null`;
