// Jest Snapshot v1, https://goo.gl/fbAQLP

exports[`MyPosts component renders the UI as expected 1`] = `null`;
