// Jest Snapshot v1, https://goo.gl/fbAQLP

exports[`UserInfo component renders the UI as expected 1`] = `
<div
  className="users-info users"
>
  <h2>
    User Info
  </h2>
  <table
    className="admin-table users"
  >
    <thead>
      <tr
        className="about-users"
      >
        <th>
          ID
        </th>
        <th>
          Username
        </th>
        <th>
          Password
        </th>
        <th>
          First name
        </th>
        <th>
          Last name
        </th>
        <th>
          Email
        </th>
        <th>
          Date Created
        </th>
        <th />
        <th />
      </tr>
    </thead>
    <tbody />
  </table>
</div>
`;
