// Jest Snapshot v1, https://goo.gl/fbAQLP

exports[`Headings component renders the UI as expected 1`] = `
Array [
  <div
    className="demo"
  >
    <h1
      onClick={[Function]}
    >
      Click here for instruction
    </h1>
    
  </div>,
  <section>
    <div
      className="heading-box"
    >
      <h1
        className="header-main"
      >
        The most effortless way to sell your vehicle, while maximizing your return
      </h1>
    </div>
    <img
      alt="money and car"
      className="heading-image money-and-car-image"
      src="moneyandcar.png"
    />
    <div
      className="sub-text"
    >
      <p>
        MyUsedCarSalesman helps you find an individual who is willing to do all the complicated and tedious process of selling your old car.
      </p>
    </div>
  </section>,
  <section>
    <div
      className="heading-box"
    >
      <h1
        className="header-main"
      >
        Forget the trade-in value!
      </h1>
    </div>
    <div
      className="sub-text"
    >
      <p>
        Dealers will take your car off your hand for a lot less money than what your car is actually worth so that they get the most profit out of your vehicle.
      </p>
      <img
        alt="dealer"
        className="heading-image dealer"
        src="dealer.png"
      />
      <p>
        In MyUsedCarSalesman, you decide how much value you will get out your vehicle.
      </p>
    </div>
  </section>,
  <section>
    <div
      className="heading-box"
    >
      <h1
        className="header-main"
      >
        Looking to earn some cash? 
        <span
          className="landingpage-break"
        >
          Become a seller!!
        </span>
         
      </h1>
    </div>
    <img
      alt="money"
      className="heading-image cash"
      src="cash.png"
    />
    <div
      className="sub-text"
    >
      <p>
        <span
          className="new-para"
        >
          Anyone can become a seller on MyUsedCarSalesman! Once you have an account, simply accept any contracts posted by other users and get sellin'!
        </span>
        No diploma, certification, nor prior sales experience necessary, let your results speak for itself.
      </p>
    </div>
  </section>,
]
`;
